<html>
<body>
<pre>
<h1>µVision Build Log</h1>
<h2>Tool Versions:</h2>
IDE-Version: ¦ÌVision V5.36.0.0
Copyright (C) 2021 ARM Ltd and ARM Germany GmbH. All rights reserved.
License Information: éƒ­ä¸€æ³¢,   , LIC=GMZI6-DW9QZ-FWY2N-YKCIM-28WHS-8AFYJ
 
Tool Versions:
Toolchain:       MDK-ARM Plus  Version: 5.36.0.0
Toolchain Path:  D:\KEILMDK5\ARM\ARMCLANG\Bin
C Compiler:      ArmClang.exe V6.16
Assembler:       Armasm.exe V6.16
Linker/Locator:  ArmLink.exe V6.16
Library Manager: ArmAr.exe V6.16
Hex Converter:   FromElf.exe V6.16
CPU DLL:         SARMCM3.DLL V5.36.0.0
Dialog DLL:      DCM.DLL V1.17.3.0
Target DLL:      CMSIS_AGDI.dll V1.33.0.0
Dialog DLL:      TCM.DLL V1.53.0.0
 
<h2>Project:</h2>
E:\AAA_Freescale_Project\1064_5_11\project\mdk\rt1064.uvprojx
Project File Date:  05/30/2025

<h2>Output:</h2>
*** Using Compiler 'V6.16', folder: 'D:\KEILMDK5\ARM\ARMCLANG\Bin'
Build target 'nor_sdram_zf_dtcm'
compiling motor.c...
compiling main.c...
linking...
Program Size: Code=56200 RO-data=5584 RW-data=220 ZI-data=11760  
".\Objects\rt1064.axf" - 0 Error(s), 0 Warning(s).

<h2>Software Packages used:</h2>

Package Vendor: NXP
                https://mcuxpresso.nxp.com/cmsis_pack/repo/NXP.MIMXRT1064_DFP.18.0.0.pack
                NXP.MIMXRT1064_DFP.18.0.0
                Device Family Pack for MIMXRT1064

<h2>Collection of Component include folders:</h2>
  D:\KEILMDK5\ARM\PACK\NXP\MIMXRT1064_DFP\18.0.0\devices\MIMXRT1064

<h2>Collection of Component Files used:</h2>
Build Time Elapsed:  00:00:02
</pre>
</body>
</html>
